Tree:
             -1
             /
            -5
           /
          -6
         /
        -7
       /
     -12
     /
   -25
   / \
  /   \
-75   -14
  \
  -63
    \
    -52
      \
      -35
      /
    -40

#nodes = 12,  #leaves = 2
Infix  : -75 -63 -52 -40 -35 -25 -14 -12 -7 -6 -5 -1 
Prefix : -1 -5 -6 -7 -12 -25 -75 -63 -52 -35 -40 -14 
Postfix: -40 -35 -52 -63 -75 -14 -25 -12 -7 -6 -5 -1 
ByLevel: -1 -5 -6 -7 -12 -25 -75 -14 -63 -52 -35 -40 
