Tree:
       0
      / \
     /   \
    -8    1
   / \     \
  /   \    10
-10   -7   / \
          5  22
             /
            11

#nodes = 9,  #leaves = 4
Infix  : -10 -8 -7 0 1 5 10 11 22 
Prefix : 0 -8 -10 -7 1 10 5 22 11 
Postfix: -10 -7 -8 5 11 22 10 1 0 
ByLevel: 0 -8 1 -10 -7 10 5 22 11 
